1 0.14350199699401855
2 0.13809967041015625
3 0.13822031021118164
4 0.14556145668029785
5 0.13941454887390137
6 0.14026403427124023
7 0.15410566329956055
8 0.15469026565551758
9 0.1552600860595703
10 0.15648865699768066
11 0.16755104064941406
12 0.17233681678771973
13 0.1953721046447754
14 0.1990816593170166
15 0.20370745658874512
16 0.2271430492401123
17 0.2415018081665039
18 0.27166175842285156
19 0.2835874557495117
20 0.30545687675476074
21 0.2783184051513672
22 0.29997801780700684
23 0.24538898468017578
24 0.1441354751586914
25 0.3216397762298584
26 0.333942174911499
27 0.343583345413208
28 0.3748774528503418
29 0.2347090244293213
30 0.3901822566986084
31 0.41791510581970215
32 0.45560216903686523
33 0.44114112854003906
34 0.532902717590332
35 0.5770509243011475
36 0.4497363567352295
37 0.6692144870758057
38 0.7097573280334473
39 0.7715637683868408
40 0.8752350807189941
41 0.9536592960357666
42 1.034090280532837
43 1.0981836318969727
44 1.1178898811340332
45 1.2366435527801514
46 1.3955488204956055
47 1.535759687423706
48 1.5662641525268555
49 1.600576639175415
50 1.735032558441162
51 1.9809257984161377
52 1.9697999954223633
53 2.2080626487731934
54 2.199861764907837
55 2.434293270111084
56 2.7190780639648438
57 2.92341947555542
58 3.081279993057251
59 3.253462553024292
60 3.429372549057007
61 3.496066093444824
62 3.9025001525878906
63 4.205390691757202
64 4.359906196594238
65 4.592660188674927
66 5.132781267166138
67 5.101133108139038
68 5.427081823348999
69 5.148531436920166
70 5.487908363342285
71 5.879467487335205
72 6.06907844543457
73 6.543238639831543
74 6.915251970291138
75 7.2171995639801025
76 7.599880218505859
77 8.028183698654175
78 8.630187749862671
79 8.850319862365723
80 9.259677171707153
81 9.77140736579895
82 10.123950004577637
83 10.715254068374634
84 12.426022052764893
85 12.920132160186768
86 13.626718282699585
87 12.5596284866333
88 13.568923234939575
89 14.318889141082764
90 15.266557455062866
91 15.796034812927246
92 16.29895281791687
93 18.484193325042725
94 19.477703094482422
95 18.449974536895752
96 19.554221630096436
97 21.668232917785645
98 20.265888929367065
99 21.297129154205322
